Object {
  "exitCode": 1,
  "stderr": "",
  "stdout": "<?xml version=\"1.0\" encoding=\"utf-8\"?>
<testsuites>
	<testsuite name=\"tests\" time=\"*\" disabled=\"0\" errors=\"0\" tests=\"4\" failures=\"2\" skipped=\"0\" hostname=\"HOSTNAME\">
		<testcase name=\"is ok\" time=\"*\" classname=\"test\"/>
		<testcase name=\"fails\" time=\"*\" classname=\"test\" failure=\"this is an error\">
			<failure type=\"testCodeFailure\" message=\"this is an error\">
Error [ERR_TEST_FAILURE]: this is an error
    at async Promise.all (index 0) {
  code: 'ERR_TEST_FAILURE',
  failureType: 'testCodeFailure',
  cause: Error: this is an error
      *
      *
      *
      *
      *
      *
      at async Promise.all (index 0)
      *
      *
}
			</failure>
		</testcase>
		<testcase name=\"is a diagnostic\" time=\"*\" classname=\"test\"/>
		<testcase name=\"should fail\" time=\"*\" classname=\"test\" failure=\"The expression evaluated to a falsy value:  assert(false)\">
			<failure type=\"testCodeFailure\" message=\"The expression evaluated to a falsy value:  assert(false)\">
[Error [ERR_TEST_FAILURE]: The expression evaluated to a falsy value:

  assert(false)
] {
  code: 'ERR_TEST_FAILURE',
  failureType: 'testCodeFailure',
  cause: AssertionError [ERR_ASSERTION]: The expression evaluated to a falsy value:
  
    assert(false)
  
      *
      *
      *
      *
      *
      *
      * {
    generatedMessage: true,
    code: 'ERR_ASSERTION',
    actual: false,
    expected: true,
    operator: '=='
  }
}
			</failure>
		</testcase>
	</testsuite>
	<testsuite name=\"more tests\" time=\"*\" disabled=\"0\" errors=\"0\" tests=\"1\" failures=\"0\" skipped=\"0\" hostname=\"HOSTNAME\">
		<testcase name=\"is ok\" time=\"*\" classname=\"test\"/>
	</testsuite>
	<testcase name=\"is skipped\" time=\"*\" classname=\"test\">
		<skipped type=\"skipped\" message=\"true\"/>
	</testcase>
	<testcase name=\"is a todo\" time=\"*\" classname=\"test\">
		<skipped type=\"todo\" message=\"true\"/>
	</testcase>
	<testcase name=\"top level diagnostic\" time=\"*\" classname=\"test\"/>
</testsuites>
",
}