Object {
  "exitCode": 7,
  "stderr": "node:internal/test_runner/harness:*
      throw err;
      ^

Error: Bail
    *
    at bail.next (<anonymous>)
    *
    *
    *
    *
    *
    *
    *
    *
Emitted 'error' event on Duplex instance at:
    *
    *
    *

Node.js *
",
  "stdout": "X
âœ– Bailing on failed test: fail
",
}