Object {
  "exitCode": 1,
  "stderr": "",
  "stdout": "this is a console log
",
}