Object {
  "exitCode": 1,
  "stderr": "",
  "stdout": "",
}