<h1>Test Results</h1>
<table><tr><td>Total Tests</td><td>8</td></tr><tr><td>Suites 📂</td><td>2</td></tr><tr><td>Passed ✅</td><td>4</td></tr><tr><td>Failed ❌</td><td>2</td></tr><tr><td>Canceled 🚫</td><td>0</td></tr><tr><td>Skipped ⏭️</td><td>1</td></tr><tr><td>Todo 📝</td><td>1</td></tr><tr><td>Duration 🕐</td><td>*ms</td></tr></table>
