Object {
  "exitCode": 1,
  "stderr": "",
  "stdout": "this is a console log
▶ tests
  ✔ is ok (* millisecond)
  ✖ fails (* millisecond)
  ✔ is a diagnostic (* millisecond)
  this is a diagnostic
  ✖ should fail (* millisecond)
✖ tests (* millisecond)
▶ more tests
  ✔ is ok (* millisecond)
✔ more tests (* millisecond)
﹣ is skipped (* millisecond) # SKIP
✔ is a todo (* millisecond) # TODO
✔ top level diagnostic (* millisecond)
top level diagnostic

✖ failing tests:

*
✖ fails (* millisecond)
  Error: this is an error
      *
      *
      *
      *
      *
      *
      at async Promise.all (index 0)
      *
      *

*
✖ should fail (* millisecond)
  AssertionError [ERR_ASSERTION]: The expression evaluated to a falsy value:
  
    assert(false)
  
      *
      *
      *
      *
      *
      *
      * {
    generatedMessage: true,
    code: 'ERR_ASSERTION',
    actual: false,
    expected: true,
    operator: '==',
    diff: 'simple'
  }
",
}